// Jest Snapshot v1, https://goo.gl/fbAQLP

exports[`@ast-decorators/transform-bind @bind compiles for private method 1`] = `
"function _bar() {
  console.log(this);
}

class Foo {
  #bar = _bar.bind(this);
}"
`;

exports[`@ast-decorators/transform-bind @bind compiles for regular method 1`] = `
"class Foo {
  bar = this.bar.bind(this);

  bar() {
    console.log(this);
  }

}"
`;
